MPLINK 4.49, Linker
Linker Map File - Created Sat Jan 09 01:10:43 2016

                                 Section Info
                  Section       Type    Address   Location Size(Bytes)
                ---------  ---------  ---------  ---------  ---------
                   .org_0       code   0x000000    program   0x000000
                   .org_1       code   0x000000    program   0x000002
                   .org_2       code   0x000004    program   0x000040
.config_2007_SOURCE_FILE_AULA010.O       code   0x002007    program   0x000002



                              Program Memory Usage 
                               Start         End      
                           ---------   ---------      
                            0x000000    0x000000      
                            0x000004    0x000023      
                            0x002007    0x002007      
            34 out of 1094 program addresses used, program memory utilization is 3%



                              Symbols - Sorted by Name
                     Name    Address   Location    Storage File                     
                ---------  ---------  ---------  --------- ---------                
                     aux1   0x000016    program     static C:\You Tube - Meu Canal\01 Assembly PIC\Assembly_PIC_010_Cálculo_de_Delay_e_o_Ciclo_de_Máquina\Assembly_PIC_010_WR_files\source_file_aula010.asm
                     aux2   0x000018    program     static C:\You Tube - Meu Canal\01 Assembly PIC\Assembly_PIC_010_Cálculo_de_Delay_e_o_Ciclo_de_Máquina\Assembly_PIC_010_WR_files\source_file_aula010.asm
               delay500ms   0x000014    program     static C:\You Tube - Meu Canal\01 Assembly PIC\Assembly_PIC_010_Cálculo_de_Delay_e_o_Ciclo_de_Máquina\Assembly_PIC_010_WR_files\source_file_aula010.asm
                   inicio   0x000005    program     static C:\You Tube - Meu Canal\01 Assembly PIC\Assembly_PIC_010_Cálculo_de_Delay_e_o_Ciclo_de_Máquina\Assembly_PIC_010_WR_files\source_file_aula010.asm
                     loop   0x00000d    program     static C:\You Tube - Meu Canal\01 Assembly PIC\Assembly_PIC_010_Cálculo_de_Delay_e_o_Ciclo_de_Máquina\Assembly_PIC_010_WR_files\source_file_aula010.asm



                              Symbols - Sorted by Address
                     Name    Address   Location    Storage File                     
                ---------  ---------  ---------  --------- ---------                
                   inicio   0x000005    program     static C:\You Tube - Meu Canal\01 Assembly PIC\Assembly_PIC_010_Cálculo_de_Delay_e_o_Ciclo_de_Máquina\Assembly_PIC_010_WR_files\source_file_aula010.asm
                     loop   0x00000d    program     static C:\You Tube - Meu Canal\01 Assembly PIC\Assembly_PIC_010_Cálculo_de_Delay_e_o_Ciclo_de_Máquina\Assembly_PIC_010_WR_files\source_file_aula010.asm
               delay500ms   0x000014    program     static C:\You Tube - Meu Canal\01 Assembly PIC\Assembly_PIC_010_Cálculo_de_Delay_e_o_Ciclo_de_Máquina\Assembly_PIC_010_WR_files\source_file_aula010.asm
                     aux1   0x000016    program     static C:\You Tube - Meu Canal\01 Assembly PIC\Assembly_PIC_010_Cálculo_de_Delay_e_o_Ciclo_de_Máquina\Assembly_PIC_010_WR_files\source_file_aula010.asm
                     aux2   0x000018    program     static C:\You Tube - Meu Canal\01 Assembly PIC\Assembly_PIC_010_Cálculo_de_Delay_e_o_Ciclo_de_Máquina\Assembly_PIC_010_WR_files\source_file_aula010.asm


