MPLINK 4.49, Linker
Linker Map File - Created Fri Feb 05 21:26:38 2016

                                 Section Info
                  Section       Type    Address   Location Size(Bytes)
                ---------  ---------  ---------  ---------  ---------
                   .org_0       code   0x000000    program   0x000000
                   .org_1       code   0x000000    program   0x000002
                   .org_2       code   0x000004    program   0x00001e
.config_2007_SOURCE_FILE_AULA014.O       code   0x002007    program   0x000002



                              Program Memory Usage 
                               Start         End      
                           ---------   ---------      
                            0x000000    0x000000      
                            0x000004    0x000012      
                            0x002007    0x002007      
            17 out of 1094 program addresses used, program memory utilization is 1%



                              Symbols - Sorted by Name
                     Name    Address   Location    Storage File                     
                ---------  ---------  ---------  --------- ---------                
                      aux   0x00000f    program     static C:\You Tube - Meu Canal\01 Assembly PIC\Assembly_PIC_014_Desvios_Condicionais\Assembly_PIC_014_WR_files\source_file_aula014.asm
                   inicio   0x000005    program     static C:\You Tube - Meu Canal\01 Assembly PIC\Assembly_PIC_014_Desvios_Condicionais\Assembly_PIC_014_WR_files\source_file_aula014.asm
                     loop   0x00000d    program     static C:\You Tube - Meu Canal\01 Assembly PIC\Assembly_PIC_014_Desvios_Condicionais\Assembly_PIC_014_WR_files\source_file_aula014.asm



                              Symbols - Sorted by Address
                     Name    Address   Location    Storage File                     
                ---------  ---------  ---------  --------- ---------                
                   inicio   0x000005    program     static C:\You Tube - Meu Canal\01 Assembly PIC\Assembly_PIC_014_Desvios_Condicionais\Assembly_PIC_014_WR_files\source_file_aula014.asm
                     loop   0x00000d    program     static C:\You Tube - Meu Canal\01 Assembly PIC\Assembly_PIC_014_Desvios_Condicionais\Assembly_PIC_014_WR_files\source_file_aula014.asm
                      aux   0x00000f    program     static C:\You Tube - Meu Canal\01 Assembly PIC\Assembly_PIC_014_Desvios_Condicionais\Assembly_PIC_014_WR_files\source_file_aula014.asm


