MPLINK 4.49, Linker
Linker Map File - Created Tue Feb 11 07:20:31 2020

                                 Section Info
                  Section       Type    Address   Location Size(Bytes)
                ---------  ---------  ---------  ---------  ---------
                   .org_0       code   0x000000    program   0x000000
                   .org_1       code   0x000000    program   0x000002
                   .org_2       code   0x000004    program   0x000040
     .config_2007_SENSO.O       code   0x002007    program   0x000002



                              Program Memory Usage 
                               Start         End      
                           ---------   ---------      
                            0x000000    0x000000      
                            0x000004    0x000023      
                            0x002007    0x002007      
            34 out of 1094 program addresses used, program memory utilization is 3%



                              Symbols - Sorted by Name
                     Name    Address   Location    Storage File                     
                ---------  ---------  ---------  --------- ---------                
                 contagem   0x000011    program     static C:\Users\leonardo\Documents\03-Programação Assembler\PIC16F84A\Sensor\Senso.asm
                contagem2   0x000018    program     static C:\Users\leonardo\Documents\03-Programação Assembler\PIC16F84A\Sensor\Senso.asm
                delay10us   0x00001d    program     static C:\Users\leonardo\Documents\03-Programação Assembler\PIC16F84A\Sensor\Senso.asm
                   inicio   0x000005    program     static C:\Users\leonardo\Documents\03-Programação Assembler\PIC16F84A\Sensor\Senso.asm
                     loop   0x00000d    program     static C:\Users\leonardo\Documents\03-Programação Assembler\PIC16F84A\Sensor\Senso.asm
                    loop1   0x000015    program     static C:\Users\leonardo\Documents\03-Programação Assembler\PIC16F84A\Sensor\Senso.asm



                              Symbols - Sorted by Address
                     Name    Address   Location    Storage File                     
                ---------  ---------  ---------  --------- ---------                
                   inicio   0x000005    program     static C:\Users\leonardo\Documents\03-Programação Assembler\PIC16F84A\Sensor\Senso.asm
                     loop   0x00000d    program     static C:\Users\leonardo\Documents\03-Programação Assembler\PIC16F84A\Sensor\Senso.asm
                 contagem   0x000011    program     static C:\Users\leonardo\Documents\03-Programação Assembler\PIC16F84A\Sensor\Senso.asm
                    loop1   0x000015    program     static C:\Users\leonardo\Documents\03-Programação Assembler\PIC16F84A\Sensor\Senso.asm
                contagem2   0x000018    program     static C:\Users\leonardo\Documents\03-Programação Assembler\PIC16F84A\Sensor\Senso.asm
                delay10us   0x00001d    program     static C:\Users\leonardo\Documents\03-Programação Assembler\PIC16F84A\Sensor\Senso.asm


