MPLINK 4.49, Linker
Linker Map File - Created Thu Mar 17 12:29:52 2016

                                 Section Info
                  Section       Type    Address   Location Size(Bytes)
                ---------  ---------  ---------  ---------  ---------
                   .org_0       code   0x000000    program   0x000000
                   .org_1       code   0x000000    program   0x000002
                   .org_2       code   0x000004    program   0x000016
.config_2007_SOURCE_FILE_AULA20.O       code   0x002007    program   0x000002



                              Program Memory Usage 
                               Start         End      
                           ---------   ---------      
                            0x000000    0x000000      
                            0x000004    0x00000e      
                            0x002007    0x002007      
            13 out of 2182 program addresses used, program memory utilization is 0%



                              Symbols - Sorted by Name
                     Name    Address   Location    Storage File                     
                ---------  ---------  ---------  --------- ---------                
                   inicio   0x000005    program     static C:\You Tube - Meu Canal\01 Assembly PIC\Assembly_PIC_020_Inicialização_dos_Registradores\Assembly_PIC_020_WR_files\source_file_aula20.asm
                     loop   0x00000e    program     static C:\You Tube - Meu Canal\01 Assembly PIC\Assembly_PIC_020_Inicialização_dos_Registradores\Assembly_PIC_020_WR_files\source_file_aula20.asm



                              Symbols - Sorted by Address
                     Name    Address   Location    Storage File                     
                ---------  ---------  ---------  --------- ---------                
                   inicio   0x000005    program     static C:\You Tube - Meu Canal\01 Assembly PIC\Assembly_PIC_020_Inicialização_dos_Registradores\Assembly_PIC_020_WR_files\source_file_aula20.asm
                     loop   0x00000e    program     static C:\You Tube - Meu Canal\01 Assembly PIC\Assembly_PIC_020_Inicialização_dos_Registradores\Assembly_PIC_020_WR_files\source_file_aula20.asm


